13:44:22 **** Incremental Build of configuration Debug for project MrProject ****
make -j8 all 
arm-none-eabi-gcc "../Core/Src/main.c" -mcpu=cortex-m4 -std=gnu11 -g3 -DDEBUG -DUSE_HAL_DRIVER -DSTM32L432xx -c -I../Core/Inc -I../Drivers/STM32L4xx_HAL_Driver/Inc -I../Drivers/STM32L4xx_HAL_Driver/Inc/Legacy -I../Drivers/CMSIS/Device/ST/STM32L4xx/Include -I../Drivers/CMSIS/Include -O0 -ffunction-sections -fdata-sections -Wall -fstack-usage -fcyclomatic-complexity -MMD -MP -MF"Core/Src/main.d" -MT"Core/Src/main.o" --specs=nano.specs -mfpu=fpv4-sp-d16 -mfloat-abi=hard -mthumb -o "Core/Src/main.o"
arm-none-eabi-gcc -o "MrProject.elf" @"objects.list"   -mcpu=cortex-m4 -T"C:\Users\Timothy Hess\OneDrive - Monash University\ECE2071\soundsamplr\project\proj\MrProject\STM32L432KCUX_FLASH.ld" --specs=nosys.specs -Wl,-Map="MrProject.map" -Wl,--gc-sections -static --specs=nano.specs -mfpu=fpv4-sp-d16 -mfloat-abi=hard -mthumb -Wl,--start-group -lc -lm -Wl,--end-group
Finished building target: MrProject.elf
 
arm-none-eabi-size  MrProject.elf 
arm-none-eabi-objdump -h -S MrProject.elf  > "MrProject.list"
   text	   data	    bss	    dec	    hex	filename
  12300	     12	   1844	  14156	   374c	MrProject.elf
Finished building: default.size.stdout
 
Finished building: MrProject.list
 

13:44:24 Build Finished. 0 errors, 0 warnings. (took 1s.403ms)

